15:01:23 **** Incremental Build of configuration Debug for project 2020_06_14_i2c_workspace2 ****
make -j8 all 
arm-none-eabi-gcc "../Core/Src/main.c" -mcpu=cortex-m4 -std=gnu11 -g3 -DDEBUG -DUSE_HAL_DRIVER -DSTM32F429xx -c -I../Core/Inc -I../Drivers/STM32F4xx_HAL_Driver/Inc -I../Drivers/STM32F4xx_HAL_Driver/Inc/Legacy -I../Drivers/CMSIS/Device/ST/STM32F4xx/Include -I../Drivers/CMSIS/Include -O0 -ffunction-sections -fdata-sections -Wall -fstack-usage -MMD -MP -MF"Core/Src/main.d" -MT"Core/Src/main.o" --specs=nano.specs -mfpu=fpv4-sp-d16 -mfloat-abi=hard -mthumb -o "Core/Src/main.o"
../Core/Src/main.c: In function 'main':
../Core/Src/main.c:112:12: warning: pointer targets in passing argument 1 of 'sprintf' differ in signedness [-Wpointer-sign]
  112 |    sprintf(uart_buf, "--->%d\r\n", adc_value);
      |            ^~~~~~~~
      |            |
      |            uint8_t * {aka unsigned char *}
In file included from ../Core/Src/main.c:28:
c:\st\stm32cubeide_1.9.0\stm32cubeide\plugins\com.st.stm32cube.ide.mcu.externaltools.gnu-tools-for-stm32.10.3-2021.10.win32_1.0.0.202111181127\tools\arm-none-eabi\include\stdio.h:244:14: note: expected 'char * restrict' but argument is of type 'uint8_t *' {aka 'unsigned char *'}
  244 | int sprintf (char *__restrict, const char *__restrict, ...)
      |              ^
../Core/Src/main.c:112:28: warning: format '%d' expects argument of type 'int', but argument 3 has type 'uint32_t' {aka 'long unsigned int'} [-Wformat=]
  112 |    sprintf(uart_buf, "--->%d\r\n", adc_value);
      |                           ~^       ~~~~~~~~~
      |                            |       |
      |                            int     uint32_t {aka long unsigned int}
      |                           %ld
arm-none-eabi-gcc -o "2020_06_14_i2c_workspace2.elf" @"objects.list"   -mcpu=cortex-m4 -T"C:\workspace_stm32\STM32CubeIDE_3\2020_06_14_i2c_workspace2\STM32F429ZITX_FLASH.ld" --specs=nosys.specs -Wl,-Map="2020_06_14_i2c_workspace2.map" -Wl,--gc-sections -static --specs=nano.specs -mfpu=fpv4-sp-d16 -mfloat-abi=hard -mthumb -Wl,--start-group -lc -lm -Wl,--end-group
Finished building target: 2020_06_14_i2c_workspace2.elf
 
arm-none-eabi-size   2020_06_14_i2c_workspace2.elf 
arm-none-eabi-objdump -h -S  2020_06_14_i2c_workspace2.elf  > "2020_06_14_i2c_workspace2.list"
   text	   data	    bss	    dec	    hex	filename
  15480	    120	   1800	  17400	   43f8	2020_06_14_i2c_workspace2.elf
Finished building: default.size.stdout
 
Finished building: 2020_06_14_i2c_workspace2.list
 

15:01:25 Build Finished. 0 errors, 2 warnings. (took 1s.566ms)

