10:38:10 **** Incremental Build of configuration Debug for project 2020_06_14_LCD_workspace1 ****
make -j8 all 
arm-none-eabi-gcc "../Core/Src/main.c" -mcpu=cortex-m4 -std=gnu11 -g3 -DDEBUG -DUSE_HAL_DRIVER -DSTM32F429xx -c -I../Core/Inc -I../Drivers/STM32F4xx_HAL_Driver/Inc -I../Drivers/STM32F4xx_HAL_Driver/Inc/Legacy -I../Drivers/CMSIS/Device/ST/STM32F4xx/Include -I../Drivers/CMSIS/Include -O0 -ffunction-sections -fdata-sections -Wall -fstack-usage -MMD -MP -MF"Core/Src/main.d" -MT"Core/Src/main.o" --specs=nano.specs -mfpu=fpv4-sp-d16 -mfloat-abi=hard -mthumb -o "Core/Src/main.o"
arm-none-eabi-gcc -o "2020_06_14_LCD_workspace1.elf" @"objects.list"   -mcpu=cortex-m4 -T"C:\workspace_stm32\STM32CubeIDE_3\2020_06_14_LCD_workspace1\STM32F429ZITX_FLASH.ld" --specs=nosys.specs -Wl,-Map="2020_06_14_LCD_workspace1.map" -Wl,--gc-sections -static --specs=nano.specs -mfpu=fpv4-sp-d16 -mfloat-abi=hard -mthumb -Wl,--start-group -lc -lm -Wl,--end-group
Finished building target: 2020_06_14_LCD_workspace1.elf
 
arm-none-eabi-size   2020_06_14_LCD_workspace1.elf 
arm-none-eabi-objdump -h -S  2020_06_14_LCD_workspace1.elf  > "2020_06_14_LCD_workspace1.list"
   text	   data	    bss	    dec	    hex	filename
  19552	    120	   1872	  21544	   5428	2020_06_14_LCD_workspace1.elf
Finished building: default.size.stdout
 
Finished building: 2020_06_14_LCD_workspace1.list
 

10:38:11 Build Finished. 0 errors, 0 warnings. (took 1s.381ms)

