08:54:24 **** Incremental Build of configuration Debug for project 22_06_10_Userbutton ****
make -j4 all 
arm-none-eabi-gcc "../Core/Src/main.c" -mcpu=cortex-m4 -std=gnu11 -g3 -DDEBUG -DUSE_HAL_DRIVER -DSTM32F429xx -c -I../Core/Inc -I../Drivers/STM32F4xx_HAL_Driver/Inc -I../Drivers/STM32F4xx_HAL_Driver/Inc/Legacy -I../Drivers/CMSIS/Device/ST/STM32F4xx/Include -I../Drivers/CMSIS/Include -O0 -ffunction-sections -fdata-sections -Wall -fstack-usage -MMD -MP -MF"Core/Src/main.d" -MT"Core/Src/main.o" --specs=nano.specs -mfpu=fpv4-sp-d16 -mfloat-abi=hard -mthumb -o "Core/Src/main.o"
arm-none-eabi-gcc -o "22_06_10_Userbutton.elf" @"objects.list"   -mcpu=cortex-m4 -T"C:\workspace_stm32\STM32CubeIDE_3\22_06_10_Userbutton\STM32F429ZITX_FLASH.ld" --specs=nosys.specs -Wl,-Map="22_06_10_Userbutton.map" -Wl,--gc-sections -static --specs=nano.specs -mfpu=fpv4-sp-d16 -mfloat-abi=hard -mthumb -Wl,--start-group -lc -lm -Wl,--end-group
Finished building target: 22_06_10_Userbutton.elf
 
arm-none-eabi-size   22_06_10_Userbutton.elf 
arm-none-eabi-objdump -h -S  22_06_10_Userbutton.elf  > "22_06_10_Userbutton.list"
   text	   data	    bss	    dec	    hex	filename
  31748	    140	   2148	  34036	   84f4	22_06_10_Userbutton.elf
Finished building: default.size.stdout
 
Finished building: 22_06_10_Userbutton.list
 

08:54:27 Build Finished. 0 errors, 0 warnings. (took 2s.450ms)

