17:02:58 **** Incremental Build of configuration Debug for project 2022_06_12_ic2 ****
make -j8 all 
arm-none-eabi-gcc "../Core/Src/main.c" -mcpu=cortex-m4 -std=gnu11 -g3 -DDEBUG -DUSE_HAL_DRIVER -DSTM32F429xx -c -I../Core/Inc -I../Drivers/STM32F4xx_HAL_Driver/Inc -I../Drivers/STM32F4xx_HAL_Driver/Inc/Legacy -I../Drivers/CMSIS/Device/ST/STM32F4xx/Include -I../Drivers/CMSIS/Include -O0 -ffunction-sections -fdata-sections -Wall -fstack-usage -MMD -MP -MF"Core/Src/main.d" -MT"Core/Src/main.o" --specs=nano.specs -mfpu=fpv4-sp-d16 -mfloat-abi=hard -mthumb -o "Core/Src/main.o"
arm-none-eabi-gcc -o "2022_06_12_ic2.elf" @"objects.list"   -mcpu=cortex-m4 -T"C:\workspace_stm32\STM32CubeIDE_3\2022_06_12_ic2\STM32F429ZITX_FLASH.ld" --specs=nosys.specs -Wl,-Map="2022_06_12_ic2.map" -Wl,--gc-sections -static --specs=nano.specs -mfpu=fpv4-sp-d16 -mfloat-abi=hard -mthumb -Wl,--start-group -lc -lm -Wl,--end-group
Finished building target: 2022_06_12_ic2.elf
 
arm-none-eabi-size   2022_06_12_ic2.elf 
arm-none-eabi-objdump -h -S  2022_06_12_ic2.elf  > "2022_06_12_ic2.list"
   text	   data	    bss	    dec	    hex	filename
  17088	    120	   1776	  18984	   4a28	2022_06_12_ic2.elf
Finished building: default.size.stdout
 
Finished building: 2022_06_12_ic2.list
 
17:03:53 **** Incremental Build of configuration Debug for project 2022_06_12_ic2 ****
make -j8 all 
arm-none-eabi-size   2022_06_12_ic2.elf 
   text	   data	    bss	    dec	    hex	filename
  17088	    120	   1776	  18984	   4a28	2022_06_12_ic2.elf
Finished building: default.size.stdout
 
17:23:03 **** Incremental Build of configuration Debug for project 2022_06_12_ic2 ****
make -j8 all 
arm-none-eabi-size   2022_06_12_ic2.elf 
   text	   data	    bss	    dec	    hex	filename
  17088	    120	   1776	  18984	   4a28	2022_06_12_ic2.elf
Finished building: default.size.stdout
 
17:35:14 **** Incremental Build of configuration Debug for project 2022_06_12_ic2 ****
make -j8 all 
arm-none-eabi-size   2022_06_12_ic2.elf 
   text	   data	    bss	    dec	    hex	filename
  17088	    120	   1776	  18984	   4a28	2022_06_12_ic2.elf
Finished building: default.size.stdout
 
17:44:33 **** Incremental Build of configuration Debug for project 2022_06_12_ic2 ****
make -j8 all 
arm-none-eabi-size   2022_06_12_ic2.elf 
   text	   data	    bss	    dec	    hex	filename
  17088	    120	   1776	  18984	   4a28	2022_06_12_ic2.elf
Finished building: default.size.stdout
 
